[FAN-REUBAH] 2026/09/14 13:21:55 main.go:38: Server starting on :7567
2026/09/14 13:21:57 GET / 854.064µs
2026/09/14 13:21:57 GET / 250.086µs
[FAN-REUBAH] 2026/09/14 13:22:25 main.go:52: Start shutdown... 
Signal: terminated
[FAN-REUBAH] 2026/09/14 13:23:48 main.go:38: Server starting on :7567
2026/09/14 13:23:50 GET / 763.101µs
2026/09/14 13:23:59 GET / 192.326µs
2026/09/14 13:23:59 GET /static/css/styles.css 2.098412ms
2026/09/14 13:23:59 GET /static/js/main.js 1.430298ms
2026/09/14 13:23:59 GET /static/js/imagePreview.js 638.918µs
2026/09/14 13:23:59 GET /static/js/formHandler.js 485.717µs
2026/09/14 13:23:59 GET /static/assets/icon-dark.png 926.955µs
2026/09/14 13:23:59 GET /static/assets/icon-light.png 831.493µs
2026/09/14 13:23:59 GET /static/js/batchHandler.js 374.495µs
2026/09/14 13:23:59 GET /static/js/documentHandler.js 343.036µs
2026/09/14 13:24:10 GET / 566.465µs
2026/09/14 13:24:32 GET / 214.416µs
2026/09/14 13:24:32 GET / 227.375µs
2026/09/14 13:25:39 GET / 212.241µs
2026/09/14 13:27:51 GET / 221.336µs
2026/09/14 13:27:51 GET /static/css/styles.css 46.01µs
2026/09/14 13:27:51 GET /static/js/main.js 60.276µs
2026/09/14 13:27:51 GET /static/js/imagePreview.js 36.215µs
2026/09/14 13:27:51 GET /static/js/formHandler.js 43.023µs
2026/09/14 13:27:51 GET /static/js/batchHandler.js 48.677µs
2026/09/14 13:27:51 GET /static/js/documentHandler.js 39.14µs
2026/09/14 13:28:36 POST /process 691.653µs
2026/09/14 13:28:54 POST /process 588.725µs
2026/09/14 13:29:14 POST /process 6.382249ms
2026/09/14 13:29:20 POST /process 6.018941ms
2026/09/14 13:32:37 GET / 166.656µs
2026/09/14 13:32:37 GET /static/css/styles.css 49.356µs
2026/09/14 13:32:37 GET /static/js/main.js 54.565µs
2026/09/14 13:32:37 GET /static/assets/icon-light.png 50.63µs
2026/09/14 13:32:37 GET /static/js/imagePreview.js 64.268µs
2026/09/14 13:32:37 GET /static/assets/icon-dark.png 53.84µs
2026/09/14 13:32:37 GET /static/js/formHandler.js 41.409µs
2026/09/14 13:32:37 GET /static/js/batchHandler.js 37.44µs
2026/09/14 13:32:37 GET /static/js/documentHandler.js 46.412µs
2026/09/14 13:32:38 GET / 126.93µs
2026/09/14 13:32:38 GET / 99.975µs
2026/09/14 13:32:38 GET / 138.986µs
2026/09/14 13:45:24 GET / 182.546µs
2026/09/14 13:45:24 GET /static/css/styles.css 53.902µs
2026/09/14 13:45:24 GET /static/js/main.js 62.427µs
2026/09/14 13:45:24 GET /static/assets/icon-light.png 46.391µs
2026/09/14 13:45:24 GET /static/js/imagePreview.js 57.112µs
2026/09/14 13:45:24 GET /static/assets/icon-dark.png 53.263µs
2026/09/14 13:45:24 GET /static/js/formHandler.js 58.497µs
2026/09/14 13:45:24 GET /static/js/batchHandler.js 30.925µs
2026/09/14 13:45:24 GET /static/js/documentHandler.js 38.452µs
2026/09/14 13:45:30 GET / 151.254µs
[FAN-REUBAH] 2026/09/14 13:45:31 main.go:52: Start shutdown... 
Signal: terminated
[FAN-REUBAH] 2026/09/14 13:45:38 main.go:38: Server starting on :7567
2026/09/14 13:45:39 GET / 724.422µs
2026/09/14 13:45:39 GET /static/js/i18n.js 1.937065ms
2026/09/14 13:45:39 GET / 157.531µs
2026/09/14 13:45:39 GET / 131.908µs
2026/09/14 13:45:40 GET / 215.39µs
2026/09/14 13:45:46 GET / 229.431µs
2026/09/14 13:45:46 GET /static/js/i18n.js 204.194µs
2026/09/14 13:45:46 GET /static/js/formHandler.js 188.827µs
2026/09/14 13:45:46 GET /static/js/imagePreview.js 201.628µs
2026/09/14 13:45:50 GET / 385.662µs
2026/09/14 13:45:51 GET / 116.848µs
2026/09/14 13:45:51 GET /static/js/i18n.js 50.955µs
2026/09/14 13:45:52 GET / 145.586µs
2026/09/14 13:45:54 GET /static/js/batchHandler.js 212.754µs
2026/09/14 13:45:54 GET /static/js/documentHandler.js 179.057µs
[FAN-REUBAH] 2026/09/14 15:16:26 main.go:52: Start shutdown... 
Signal: terminated
[FAN-REUBAH] 2026/09/14 15:16:27 main.go:39: Server starting on :7567
2026/09/14 15:16:29 GET / 998.442µs
2026/09/14 15:16:31 POST /process/svg 9.1526ms
2026/09/14 15:16:34 POST /process/svg 2.620187ms
2026/09/14 15:16:39 GET / 431.865µs
2026/09/14 15:16:41 GET /static/js/svgHandler.js 3.045328ms
2026/09/14 15:16:41 GET /static/js/i18n.js 196.655µs
2026/09/14 15:16:44 GET /static/js/i18n.js 211.692µs
2026/09/14 15:16:45 POST /process/svg 2.038248ms
2026/09/14 15:20:16 GET / 260.13µs
2026/09/14 15:20:16 GET / 287.623µs
2026/09/14 15:22:32 GET / 180.248µs
2026/09/14 15:22:32 GET /static/css/styles.css 154.15µs
2026/09/14 15:22:32 GET /static/js/i18n.js 175.77µs
2026/09/14 15:22:32 GET /static/assets/icon-light.png 50.812µs
2026/09/14 15:22:32 GET /static/assets/icon-dark.png 62.946µs
2026/09/14 15:22:32 GET /static/js/imagePreview.js 144.07µs
2026/09/14 15:22:32 GET /static/js/formHandler.js 217.519µs
2026/09/14 15:22:32 GET /static/js/svgHandler.js 161.216µs
2026/09/14 15:22:32 GET /static/js/batchHandler.js 136.185µs
2026/09/14 15:22:32 GET /static/js/documentHandler.js 150.586µs
2026/09/14 15:22:32 GET /static/js/main.js 156.051µs
2026/09/14 15:22:51 POST /process/svg 55.516512ms
2026/09/14 15:24:32 POST /process/svg 44.529473ms
2026/09/14 15:27:24 POST /process/svg 4.251753ms
2026/09/14 15:29:20 POST /process/svg 874.718272ms
[FAN-REUBAH] 2026/09/14 15:29:44 main.go:53: Start shutdown... 
Signal: terminated
[FAN-REUBAH] 2026/09/14 15:29:45 main.go:39: Server starting on :7567
2026/09/14 15:29:47 GET / 881.478µs
2026/09/14 15:29:50 GET / 451.09µs
2026/09/14 15:29:52 POST /process/svg 475.658017ms
2026/09/14 15:29:53 POST /process/svg 506.255518ms
[FAN-REUBAH] 2026/09/14 15:31:06 main.go:53: Start shutdown... 
Signal: terminated
[FAN-REUBAH] 2026/09/14 15:31:07 main.go:39: Server starting on :7567
2026/09/14 15:31:10 POST /process/svg 500.2822ms
2026/09/14 15:31:10 POST /process/svg 520.593577ms
2026/09/14 15:31:26 GET / 971.856µs
2026/09/14 15:31:33 GET / 317.216µs
2026/09/14 15:31:37 GET / 280.269µs
2026/09/14 15:32:32 GET / 156.624µs
2026/09/14 15:32:32 GET /static/css/styles.css 73.079µs
2026/09/14 15:32:32 GET /static/js/imagePreview.js 1.459231ms
2026/09/14 15:32:32 GET /static/js/i18n.js 3.705422ms
2026/09/14 15:32:32 GET /static/js/formHandler.js 1.509977ms
2026/09/14 15:32:32 GET /static/js/batchHandler.js 242.153µs
2026/09/14 15:32:32 GET /static/js/documentHandler.js 152.636µs
2026/09/14 15:32:32 GET /static/js/svgHandler.js 145.401µs
2026/09/14 15:32:32 GET /static/js/main.js 143.415µs
2026/09/14 15:32:32 GET / 126.799µs
2026/09/14 15:32:32 GET / 155.111µs
2026/09/14 15:32:33 GET / 543.543µs
2026/09/14 15:32:42 POST /process/svg 776.125861ms
[FAN-REUBAH] 2026/09/14 15:42:29 main.go:53: Start shutdown... 
Signal: terminated
[FAN-REUBAH] 2026/09/14 15:42:30 main.go:39: Server starting on :7567
2026/09/14 15:42:32 POST /process 9.795293ms
2026/09/14 15:42:32 POST /process 10.925744ms
2026/09/14 15:42:32 POST /process 14.469885ms
[FAN-REUBAH] 2026/09/14 15:43:19 main.go:53: Start shutdown... 
Signal: terminated
[FAN-REUBAH] 2026/09/14 15:43:20 main.go:39: Server starting on :7567
2026/09/14 15:43:22 POST /process 9.818798ms
2026/09/14 15:43:47 POST /process 850.51µs
2026/09/14 15:43:55 POST /process 29.151407ms
2026/09/14 15:43:55 POST /process 194.28µs
2026/09/14 15:43:55 POST /process 5.780962ms
2026/09/14 15:43:56 GET / 964.46µs
[FAN-REUBAH] 2026/09/14 15:44:27 main.go:53: Start shutdown... 
Signal: terminated
[FAN-REUBAH] 2026/09/14 15:44:28 main.go:39: Server starting on :7567
2026/09/14 15:44:30 GET / 934.775µs
2026/09/14 15:44:30 POST /process 5.819943ms
2026/09/14 15:44:54 GET / 175.847µs
2026/09/14 15:44:54 GET /static/css/styles.css 77.001µs
2026/09/14 15:44:54 GET /static/js/i18n.js 1.636714ms
2026/09/14 15:44:54 GET /static/assets/icon-light.png 65.534µs
2026/09/14 15:44:54 GET /static/assets/icon-dark.png 54.091µs
2026/09/14 15:44:54 GET /static/js/imagePreview.js 178.841µs
2026/09/14 15:44:54 GET /static/js/batchHandler.js 153.182µs
2026/09/14 15:44:54 GET /static/js/formHandler.js 169.048µs
2026/09/14 15:44:54 GET /static/js/documentHandler.js 188.166µs
2026/09/14 15:44:54 GET /static/js/svgHandler.js 148.852µs
2026/09/14 15:44:54 GET /static/js/main.js 144.65µs
2026/09/14 15:45:06 GET /static/images/heic-placeholder.svg 43.983µs
2026/09/14 15:45:12 POST /process 68.89036ms
2026/09/14 15:45:46 GET /static/images/heic-placeholder.svg 48.396µs
2026/09/14 15:46:16 POST /process 483.232027ms
2026/09/14 15:52:24 POST /process 11.10129ms
2026/09/14 15:52:36 POST /process 9.541669ms
2026/09/14 15:52:36 POST /process 22.424884ms
2026/09/14 15:52:36 POST /process 5.456316ms
2026/09/14 15:54:58 POST /process 81.066918ms
[FAN-REUBAH] 2026/09/14 16:00:18 main.go:53: Start shutdown... 
Signal: terminated
[FAN-REUBAH] 2026/09/14 16:00:26 main.go:39: Server starting on :7567
2026/09/14 16:00:28 POST /process 91.464913ms
2026/09/14 16:01:00 POST /process/svg 30.039247ms
2026/09/14 16:01:49 POST /process 947.412µs
2026/09/14 16:01:56 POST /process 11.157112ms
2026/09/14 16:01:56 POST /process 11.634526ms
2026/09/14 16:07:54 POST /process 246.326191ms
2026/09/14 16:08:39 POST /process 31.627928ms
2026/09/14 16:08:39 POST /process 23.891229ms
2026/09/14 16:08:39 POST /process 23.904891ms
2026/09/14 16:08:40 POST /process 488.379785ms
2026/09/14 16:08:40 POST /process 63.938937ms
2026/09/14 16:08:40 POST /process 25.927323ms
2026/09/14 16:09:00 GET / 910.247µs
2026/09/14 16:09:00 GET /static/css/styles.css 74.521µs
2026/09/14 16:09:00 GET /static/js/i18n.js 53.121µs
2026/09/14 16:09:00 GET /static/assets/icon-light.png 45.974µs
2026/09/14 16:09:00 GET /static/js/imagePreview.js 75.284µs
2026/09/14 16:09:00 GET /static/assets/icon-dark.png 81.016µs
2026/09/14 16:09:00 GET /static/js/formHandler.js 59.804µs
2026/09/14 16:09:00 GET /static/js/batchHandler.js 48.956µs
2026/09/14 16:09:00 GET /static/js/documentHandler.js 47.589µs
2026/09/14 16:09:00 GET /static/js/svgHandler.js 34.782µs
2026/09/14 16:09:00 GET /static/js/main.js 38.736µs
2026/09/14 16:09:01 GET / 140.592µs
2026/09/14 16:09:01 GET / 573.534µs
2026/09/14 16:09:01 GET / 205.821µs
2026/09/14 16:09:02 GET / 148.429µs
2026/09/14 16:09:03 POST /process 68.313016ms
2026/09/14 16:09:12 GET /static/images/heic-placeholder.svg 35.329µs
2026/09/14 16:09:16 POST /process 258.642331ms
[FAN-REUBAH] 2026/09/14 16:11:01 main.go:53: Start shutdown... 
Signal: terminated
[FAN-REUBAH] 2026/09/14 16:11:02 main.go:39: Server starting on :7567
2026/09/14 16:11:04 POST /process 246.933332ms
2026/09/14 16:11:25 GET / 813.546µs
2026/09/14 16:11:25 GET / 139.076µs
2026/09/14 16:11:25 GET / 132.347µs
2026/09/14 16:11:26 GET / 605.856µs
2026/09/14 16:11:26 GET / 146.441µs
2026/09/14 16:11:26 GET / 166.584µs
2026/09/14 16:11:26 GET / 129.653µs
2026/09/14 16:11:26 GET / 187.294µs
2026/09/14 16:11:26 GET / 139.822µs
2026/09/14 16:11:27 GET / 158.399µs
2026/09/14 16:11:27 GET / 134.13µs
2026/09/14 16:11:39 GET /static/images/heic-placeholder.svg 52.543µs
2026/09/14 16:11:41 POST /process 241.867947ms
2026/09/14 16:11:46 POST /process 490.461355ms
[FAN-REUBAH] 2026/09/14 16:14:24 main.go:53: Start shutdown... 
Signal: terminated
[FAN-REUBAH] 2026/09/14 16:14:25 main.go:39: Server starting on :7567
2026/09/14 16:14:27 GET /static/assets/icon-dark.png 1.948417ms
2026/09/14 16:14:27 GET / 954.388µs
[FAN-REUBAH] 2026/09/14 16:25:09 main.go:53: Start shutdown... 
Signal: terminated
[FAN-REUBAH] 2026/09/14 16:25:10 main.go:39: Server starting on :7567
2026/09/14 16:25:12 GET /static/assets/favicon.png 1.939995ms
2026/09/14 16:25:12 GET / 970.373µs
2026/09/14 16:25:12 GET / 168.491µs
2026/09/14 16:25:12 GET /static/css/styles.css 47.768µs
2026/09/14 16:25:12 GET /static/js/i18n.js 202.072µs
2026/09/14 16:25:12 GET /static/js/imagePreview.js 158.635µs
2026/09/14 16:25:12 GET /static/js/formHandler.js 183.168µs
2026/09/14 16:25:12 GET /static/js/batchHandler.js 151.14µs
2026/09/14 16:25:12 GET /static/js/documentHandler.js 118.169µs
2026/09/14 16:25:12 GET /static/js/svgHandler.js 117.397µs
2026/09/14 16:25:12 GET /static/js/main.js 300.364µs
2026/09/14 16:25:12 GET /static/assets/favicon.png 128.136µs
2026/09/14 16:25:13 GET / 193.392µs
2026/09/14 16:25:45 GET / 145.699µs
2026/09/14 16:25:45 GET /static/assets/favicon.png 51.403µs
2026/09/14 16:30:21 GET / 181.65µs
2026/09/14 16:30:21 GET /static/js/i18n.js 57.683µs
2026/09/14 16:30:21 GET /static/js/main.js 72.807µs
2026/09/14 16:30:21 GET /static/js/imagePreview.js 80.929µs
2026/09/14 16:30:21 GET /static/js/formHandler.js 64.658µs
2026/09/14 16:30:21 GET /static/js/batchHandler.js 43.446µs
2026/09/14 16:30:21 GET /static/js/documentHandler.js 55.099µs
2026/09/14 16:30:21 GET /static/js/svgHandler.js 34.583µs
2026/09/14 16:30:21 GET /static/assets/favicon.png 49.888µs
[FAN-REUBAH] 2026/09/14 16:31:55 main.go:53: Start shutdown... 
Signal: terminated
[FAN-REUBAH] 2026/09/14 16:31:56 main.go:39: Server starting on :7567
2026/09/14 16:31:58 POST /process 13.328732ms
[FAN-REUBAH] 2026/09/14 16:32:31 main.go:53: Start shutdown... 
Signal: terminated
[FAN-REUBAH] 2026/09/14 16:32:32 main.go:39: Server starting on :7567
2026/09/14 16:32:34 POST /process 13.23949ms
2026/09/14 16:32:34 POST /process 47.608186ms
2026/09/14 16:32:45 GET / 982.934µs
2026/09/14 16:32:45 GET /static/js/formHandler.js 1.881344ms
2026/09/14 16:32:53 GET / 262.702µs
2026/09/14 16:32:53 GET / 237.558µs
2026/09/14 16:32:53 GET / 306.66µs
2026/09/14 16:32:57 GET / 315.588µs
2026/09/14 16:37:13 GET / 217.575µs
2026/09/14 16:37:13 GET /static/css/styles.css 231.531µs
2026/09/14 16:37:13 GET /static/js/i18n.js 257.483µs
2026/09/14 16:37:13 GET /static/assets/icon-light.png 109.83µs
2026/09/14 16:37:13 GET /static/assets/icon-dark.png 51.842µs
2026/09/14 16:37:13 GET /static/js/imagePreview.js 180.147µs
2026/09/14 16:37:13 GET /static/js/formHandler.js 133.089µs
2026/09/14 16:37:13 GET /static/js/batchHandler.js 156.916µs
2026/09/14 16:37:13 GET /static/js/documentHandler.js 150.218µs
2026/09/14 16:37:13 GET /static/js/svgHandler.js 131.989µs
2026/09/14 16:37:13 GET /static/js/main.js 153.237µs
2026/09/14 16:37:13 GET /static/assets/favicon.png 50.126µs
2026/09/14 16:37:53 POST /process 502.760803ms
2026/09/14 16:38:54 POST /process 300.026857ms
2026/09/14 16:42:11 GET / 210.563µs
2026/09/14 16:42:11 GET /static/css/styles.css 60.229µs
2026/09/14 16:42:11 GET /static/js/i18n.js 83.484µs
2026/09/14 16:42:11 GET /static/js/imagePreview.js 34.49µs
2026/09/14 16:42:11 GET /static/js/formHandler.js 41.597µs
2026/09/14 16:42:11 GET /static/js/batchHandler.js 55.737µs
2026/09/14 16:42:11 GET /static/js/documentHandler.js 44.317µs
2026/09/14 16:42:11 GET /static/js/svgHandler.js 29.487µs
2026/09/14 16:42:11 GET /static/js/main.js 36.466µs
2026/09/14 16:54:38 GET / 161.899µs
2026/09/14 16:54:38 GET /static/css/styles.css 57.336µs
2026/09/14 16:54:38 GET /static/js/i18n.js 77.231µs
2026/09/14 16:54:38 GET /static/js/imagePreview.js 46.405µs
2026/09/14 16:54:38 GET /static/js/formHandler.js 30.091µs
2026/09/14 16:54:38 GET /static/js/batchHandler.js 35.032µs
2026/09/14 16:54:38 GET /static/js/documentHandler.js 41.516µs
2026/09/14 16:54:38 GET /static/js/svgHandler.js 58.05µs
2026/09/14 16:54:38 GET /static/js/main.js 70.61µs
2026/09/14 16:54:38 GET /static/assets/favicon.png 56.954µs
2026/09/14 16:54:40 GET / 190.154µs
2026/09/14 16:54:40 GET / 613.374µs
2026/09/14 16:54:41 GET / 143.321µs
2026/09/14 16:54:41 GET / 125.978µs
[FAN-REUBAH] 2026/09/14 16:54:44 main.go:53: Start shutdown... 
Signal: terminated
[FAN-REUBAH] 2026/09/14 16:54:45 main.go:39: Server starting on :7567
2026/09/14 16:54:47 GET / 1.034745ms
2026/09/14 16:54:47 GET / 267.89µs
2026/09/14 16:59:27 GET / 178.93µs
2026/09/14 16:59:27 GET /static/css/styles.css 69.388µs
2026/09/14 16:59:27 GET /static/js/i18n.js 76.121µs
2026/09/14 16:59:27 GET /static/js/imagePreview.js 63.357µs
2026/09/14 16:59:27 GET /static/js/formHandler.js 63.821µs
2026/09/14 16:59:27 GET /static/js/batchHandler.js 55.257µs
2026/09/14 16:59:27 GET /static/js/documentHandler.js 48.87µs
2026/09/14 16:59:27 GET /static/js/svgHandler.js 52.466µs
2026/09/14 16:59:27 GET /static/js/main.js 69.026µs
2026/09/14 16:59:28 GET /static/assets/favicon.png 1.956593ms
2026/09/14 16:59:29 GET / 125.252µs
2026/09/14 16:59:29 GET / 450.397µs
2026/09/14 16:59:29 GET / 213.329µs
2026/09/14 16:59:30 GET / 129.997µs
2026/09/14 16:59:30 GET / 117.883µs
2026/09/14 16:59:31 GET / 133.738µs
2026/09/14 17:02:14 GET / 165.009µs
2026/09/14 17:02:14 GET /static/css/styles.css 50.477µs
2026/09/14 17:02:14 GET /static/js/i18n.js 35.117µs
2026/09/14 17:02:14 GET /static/js/imagePreview.js 50.204µs
2026/09/14 17:02:14 GET /static/js/formHandler.js 48.115µs
2026/09/14 17:02:14 GET /static/js/batchHandler.js 76.362µs
2026/09/14 17:02:14 GET /static/js/documentHandler.js 67.824µs
2026/09/14 17:02:14 GET /static/js/svgHandler.js 27.991µs
2026/09/14 17:02:14 GET /static/js/main.js 48.98µs
2026/09/14 17:02:15 GET /static/assets/favicon.png 56.831µs
2026/09/14 17:02:15 GET / 191.412µs
2026/09/14 17:02:16 GET / 112.947µs
2026/09/14 17:02:16 GET / 205.107µs
2026/09/14 17:02:16 GET / 202.898µs
2026/09/14 17:02:16 GET / 226.028µs
2026/09/14 17:02:17 GET / 434.491µs
2026/09/14 17:02:25 GET / 143.667µs
[FAN-REUBAH] 2026/09/14 17:03:19 main.go:39: Server starting on :7567
[FAN-REUBAH] 2026/09/14 17:03:19 main.go:50: Error starting server: listen tcp :7567: bind: address already in use
2026/09/14 17:03:21 GET / 222.818µs
2026/09/14 17:03:26 GET / 165.275µs
2026/09/14 17:03:27 GET / 155.86µs
2026/09/14 17:03:27 GET / 164.082µs
2026/09/14 17:03:27 GET / 187.316µs
2026/09/14 17:03:27 GET / 154.842µs
2026/09/14 17:03:28 GET / 413.814µs
2026/09/14 17:03:28 GET / 159.473µs
2026/09/14 17:03:28 GET / 196.588µs
2026/09/14 17:03:28 GET / 145.375µs
2026/09/14 17:03:28 GET / 155.501µs
2026/09/14 17:03:31 GET / 182.132µs
2026/09/14 17:03:31 GET /static/css/styles.css 197.667µs
2026/09/14 17:03:31 GET /static/js/i18n.js 193.644µs
2026/09/14 17:03:31 GET /static/js/imagePreview.js 193.454µs
2026/09/14 17:03:31 GET /static/assets/icon-light.png 176.062µs
2026/09/14 17:03:31 GET /static/assets/icon-dark.png 185.435µs
2026/09/14 17:03:31 GET /static/js/formHandler.js 166.334µs
2026/09/14 17:03:31 GET /static/js/batchHandler.js 116.748µs
2026/09/14 17:03:31 GET /static/js/documentHandler.js 126.566µs
2026/09/14 17:03:31 GET /static/js/svgHandler.js 92.551µs
2026/09/14 17:03:31 GET /static/js/main.js 179.391µs
2026/09/14 17:03:31 GET /static/assets/favicon.png 569.122µs
2026/09/14 17:03:37 GET / 150.983µs
2026/09/14 17:03:37 GET /static/css/styles.css 179.287µs
2026/09/14 17:03:37 GET /static/js/i18n.js 144.189µs
2026/09/14 17:03:37 GET /static/assets/icon-light.png 101.163µs
2026/09/14 17:03:37 GET /static/assets/icon-dark.png 168.265µs
2026/09/14 17:03:37 GET /static/js/imagePreview.js 159.632µs
2026/09/14 17:03:37 GET /static/js/formHandler.js 156.851µs
2026/09/14 17:03:37 GET /static/js/batchHandler.js 132.222µs
2026/09/14 17:03:37 GET /static/js/documentHandler.js 107.861µs
2026/09/14 17:03:37 GET /static/js/svgHandler.js 118.611µs
2026/09/14 17:03:37 GET /static/js/main.js 808.688µs
2026/09/14 17:03:37 GET /static/assets/favicon.png 151.474µs
2026/09/14 17:03:38 GET / 162.513µs
2026/09/14 17:03:38 GET /static/css/styles.css 166.54µs
2026/09/14 17:03:38 GET /static/js/i18n.js 128.661µs
2026/09/14 17:03:38 GET /static/assets/icon-dark.png 136.922µs
2026/09/14 17:03:38 GET /static/js/formHandler.js 98.942µs
2026/09/14 17:03:38 GET /static/js/imagePreview.js 78.337µs
2026/09/14 17:03:38 GET /static/assets/icon-light.png 175.65µs
2026/09/14 17:03:38 GET /static/js/batchHandler.js 149.664µs
2026/09/14 17:03:38 GET /static/js/svgHandler.js 63.47µs
2026/09/14 17:03:38 GET /static/js/documentHandler.js 89.334µs
2026/09/14 17:03:38 GET /static/js/main.js 658.698µs
2026/09/14 17:03:38 GET /static/assets/favicon.png 126.26µs
2026/09/14 17:03:38 GET / 218.302µs
2026/09/14 17:03:38 GET /static/css/styles.css 125.175µs
2026/09/14 17:03:38 GET /static/js/i18n.js 98.347µs
2026/09/14 17:03:38 GET /static/assets/icon-light.png 94.283µs
2026/09/14 17:03:38 GET /static/assets/icon-dark.png 115.009µs
2026/09/14 17:03:38 GET /static/js/imagePreview.js 70.222µs
2026/09/14 17:03:38 GET /static/js/formHandler.js 114.312µs
2026/09/14 17:03:38 GET /static/js/batchHandler.js 119.204µs
2026/09/14 17:03:38 GET /static/js/documentHandler.js 58.758µs
2026/09/14 17:03:38 GET /static/js/svgHandler.js 69.234µs
2026/09/14 17:03:38 GET /static/js/main.js 149.497µs
2026/09/14 17:03:38 GET /static/assets/favicon.png 152.115µs
2026/09/14 17:03:38 GET / 159.081µs
2026/09/14 17:03:38 GET /static/js/i18n.js 72.039µs
2026/09/14 17:03:38 GET /static/css/styles.css 129.649µs
2026/09/14 17:03:38 GET /static/assets/icon-light.png 117.16µs
2026/09/14 17:03:38 GET /static/assets/icon-dark.png 107.017µs
2026/09/14 17:03:38 GET /static/js/imagePreview.js 102.846µs
2026/09/14 17:03:38 GET /static/js/formHandler.js 61.755µs
2026/09/14 17:03:38 GET /static/js/batchHandler.js 92.699µs
2026/09/14 17:03:38 GET /static/js/documentHandler.js 84.631µs
2026/09/14 17:03:38 GET /static/js/svgHandler.js 93.104µs
2026/09/14 17:03:38 GET /static/js/main.js 349.182µs
2026/09/14 17:03:38 GET /static/assets/favicon.png 116.595µs
2026/09/14 17:03:38 GET / 160.912µs
2026/09/14 17:03:38 GET /static/css/styles.css 116.769µs
2026/09/14 17:03:38 GET /static/js/i18n.js 108.248µs
2026/09/14 17:03:38 GET /static/assets/icon-light.png 109.254µs
2026/09/14 17:03:38 GET /static/assets/icon-dark.png 108.467µs
2026/09/14 17:03:38 GET /static/js/imagePreview.js 66.578µs
2026/09/14 17:03:38 GET /static/js/formHandler.js 104.655µs
2026/09/14 17:03:38 GET /static/js/batchHandler.js 107.034µs
2026/09/14 17:03:38 GET /static/js/documentHandler.js 97.786µs
2026/09/14 17:03:38 GET /static/js/main.js 160.958µs
2026/09/14 17:03:38 GET /static/js/svgHandler.js 135.846µs
2026/09/14 17:03:38 GET /static/assets/favicon.png 117.485µs
2026/09/14 17:03:39 GET / 164.908µs
2026/09/14 17:03:39 GET /static/css/styles.css 105.827µs
2026/09/14 17:03:39 GET /static/js/i18n.js 113.627µs
2026/09/14 17:03:39 GET /static/assets/icon-light.png 120.667µs
2026/09/14 17:03:39 GET /static/assets/icon-dark.png 73.476µs
2026/09/14 17:03:39 GET /static/js/formHandler.js 73.413µs
2026/09/14 17:03:39 GET /static/js/imagePreview.js 79.235µs
2026/09/14 17:03:39 GET /static/js/batchHandler.js 79.89µs
2026/09/14 17:03:39 GET /static/js/documentHandler.js 76.918µs
2026/09/14 17:03:39 GET /static/js/svgHandler.js 59.717µs
2026/09/14 17:03:39 GET /static/js/main.js 83.671µs
2026/09/14 17:03:39 GET /static/assets/favicon.png 119.265µs
2026/09/14 17:03:39 GET / 496.333µs
2026/09/14 17:03:39 GET /static/css/styles.css 150.749µs
2026/09/14 17:03:39 GET /static/js/i18n.js 101.354µs
2026/09/14 17:03:39 GET /static/assets/icon-light.png 128.188µs
2026/09/14 17:03:39 GET /static/assets/icon-dark.png 74.577µs
2026/09/14 17:03:39 GET /static/js/imagePreview.js 88.25µs
2026/09/14 17:03:39 GET /static/js/formHandler.js 98.232µs
2026/09/14 17:03:39 GET /static/js/batchHandler.js 101.609µs
2026/09/14 17:03:39 GET /static/js/documentHandler.js 76.744µs
2026/09/14 17:03:39 GET /static/js/svgHandler.js 113.246µs
2026/09/14 17:03:39 GET /static/js/main.js 135.524µs
2026/09/14 17:03:39 GET /static/assets/favicon.png 122.801µs
2026/09/14 17:03:45 GET / 134.304µs
[FAN-REUBAH] 2026/09/14 18:05:32 main.go:39: Server starting on :7567
[FAN-REUBAH] 2026/09/14 18:05:32 main.go:50: Error starting server: listen tcp :7567: bind: address already in use
[FAN-REUBAH] 2026/09/14 18:09:59 main.go:39: Server starting on :7567
2026/09/14 18:10:01 GET / 843.805µs
2026/09/14 18:10:04 GET / 148.885µs
2026/09/14 18:10:04 GET /static/js/i18n.js 69.175µs
2026/09/14 18:10:04 GET /static/js/imagePreview.js 52.774µs
2026/09/14 18:10:04 GET /static/js/formHandler.js 31.421µs
2026/09/14 18:10:04 GET /static/js/batchHandler.js 73.456µs
2026/09/14 18:10:04 GET /static/js/documentHandler.js 59.907µs
2026/09/14 18:10:04 GET /static/js/svgHandler.js 46.945µs
2026/09/14 18:10:04 GET /static/js/main.js 90.886µs
2026/09/14 18:10:08 GET / 203.878µs
2026/09/14 18:10:09 GET / 141.853µs
2026/09/14 18:10:10 GET / 127.372µs
2026/09/14 18:10:11 GET / 489.424µs
2026/09/14 18:10:11 GET / 151.522µs
2026/09/14 18:10:11 GET / 197.241µs
2026/09/14 18:10:11 GET / 169.804µs
2026/09/14 18:10:11 GET / 147.955µs
2026/09/14 18:10:12 GET / 138.012µs
2026/09/14 18:10:12 GET / 172.126µs
2026/09/14 18:10:12 GET / 128.491µs
2026/09/14 18:10:12 GET / 140.165µs
2026/09/14 18:10:12 GET / 156.837µs
2026/09/14 18:10:12 GET / 143.05µs
2026/09/14 18:10:13 GET / 214.781µs
2026/09/14 18:10:13 GET / 130.588µs
2026/09/14 18:10:13 GET / 120.7µs
2026/09/14 18:10:14 GET / 155.202µs
2026/09/14 18:10:14 GET / 153.511µs
2026/09/14 18:10:15 GET / 145.854µs
2026/09/14 18:10:15 GET / 175.996µs
2026/09/14 18:10:15 GET / 198.977µs
2026/09/14 18:10:15 GET / 151.083µs
